// Jest Snapshot v1, https://goo.gl/fbAQLP

exports[`<Breadcrumb /> On rendering should renders properly 1`] = `
<Breadcrumb
  separator="/"
  style={
    Object {
      "margin": "1rem 0",
    }
  }
>
  <BreadcrumbItem
    key="home"
    separator="/"
  >
    <Link
      href={true}
      replace={false}
      to="/"
    >
      Dashboard
    </Link>
  </BreadcrumbItem>
  <BreadcrumbItem
    key="/home"
    separator="/"
  >
    <Link
      replace={false}
      to="/home"
    >
      Home
    </Link>
  </BreadcrumbItem>
  <BreadcrumbItem
    key="/home/users"
    separator="/"
  >
    <Link
      replace={false}
      to="/home/users"
    >
      Users
    </Link>
  </BreadcrumbItem>
  <BreadcrumbItem
    key="/home/users/my-account"
    separator="/"
  >
    <Link
      replace={false}
      to="/home/users/my-account"
    >
      My Account
    </Link>
  </BreadcrumbItem>
</Breadcrumb>
`;
