// Jest Snapshot v1, https://goo.gl/fbAQLP

exports[`<ActionBar /> On rendering should render properly 1`] = `
<Row
  className="actionBar"
  gutter={0}
>
  <Col
    span={8}
    style={
      Object {
        "alignItems": "flex-end",
        "flexWrap": "wrap",
        "justifyContent": "flex-start",
        "position": "flex",
      }
    }
  >
    <TabWrapper />
  </Col>
  <Col
    span={8}
    style={
      Object {
        "alignItems": "center",
        "flexWrap": "wrap",
        "justifyContent": "center",
        "position": "flex",
      }
    }
  >
    <ActionWrapper />
  </Col>
  <Col
    span={8}
    style={
      Object {
        "alignItems": "center",
        "flexWrap": "wrap",
        "justifyContent": "flex-end",
        "position": "flex",
      }
    }
  >
    <ButtonWrapper />
  </Col>
</Row>
`;
