// Jest Snapshot v1, https://goo.gl/fbAQLP

exports[`<Loader /> On rendering When loading process take considerable ammount time to finish should render loading animation 1`] = `
<div
  className="loaderWrapper"
>
  <div
    className="loader"
  />
</div>
`;

exports[`<Loader /> On rendering When no error occurs and loading process quickly finish  should render nothing 1`] = `""`;

exports[`<Loader /> On rendering When some error during loading process occurs should render something idicating it 1`] = `
<h1>
  Something Went Wrong!
</h1>
`;
